Microsoft (R) Macro Assembler Version 14.37.32822.0	    12/10/24 16:32:27
lab4.asm						     Page 1 - 1


				.586P
				.MODEL FLAT, STDCALL
				includelib kernel32.lib

				ExitProcess PROTO : DWORD
				MessageBoxA PROTO : DWORD, : DWORD, : DWORD, : DWORD

				.STACK 4096

 00000000			.CONST

 00000000			.DATA

 = 00000000			OK			EQU	0
 00000000 53 45 5F 41 73	TEXT_MESSAGE		DB "SE_Asm04", 0
	   6D 30 34 00
 00000009 00000000		HW			DD ?

 0000000D 00000001		FILESHORT DD 1, 2, 3, 4
	   00000002
	   00000003
	   00000004
 0000001D 73 68 6F 72 74	SHORTSTR DB "short:    ", 0
	   3A 20 20 20 20
	   00

 00000028 00000003		FILEUSHORT16 DD 3, 5, 6
	   00000005
	   00000006
 00000034 75 73 68 6F 72	USHORT16STR DB "ushort16:     ", 0
	   74 31 36 3A 20
	   20 20 20 20 00

 00000000			.CODE

 00000000			main PROC



 00000000  A1 0000000D R	mov eax, FILESHORT 
 00000005  83 C0 30		add eax, 30h
 00000008  A2 00000025 R	mov SHORTSTR +8, al


 0000000D  A1 00000011 R	mov eax, FILESHORT  + type FILESHORT
 00000012  83 C0 30		add eax, 30h
 00000015  A2 00000026 R	mov SHORTSTR +9, al


 0000001A  A1 00000015 R	mov eax, FILESHORT  + type FILESHORT + type FILESHORT
 0000001F  83 C0 30		add eax, 30h
 00000022  A2 00000027 R	mov SHORTSTR +10, al


 00000027  A1 00000019 R	mov eax, FILESHORT  + type FILESHORT + type FILESHORT + type FILESHORT
 0000002C  83 C0 30		add eax, 30h
 0000002F  A2 00000028 R	mov SHORTSTR +11, al
				invoke MessageBoxA, 0, offset SHORTSTR, ADDR TEXT_MESSAGE, OK


 00000047  A1 00000028 R	mov eax, FILEUSHORT16 
 0000004C  83 C0 30		add eax, 30h
 0000004F  A2 0000003E R	mov USHORT16STR + 10, al


 00000054  A1 0000002C R	mov eax, FILEUSHORT16  + type FILEUSHORT16
 00000059  83 C0 30		add eax, 30h
 0000005C  A2 0000003F R	mov USHORT16STR + 11, al


 00000061  A1 00000030 R	mov eax, FILEUSHORT16  + type FILEUSHORT16 + type FILEUSHORT16
 00000066  83 C0 30		add eax, 30h
 00000069  A2 00000040 R	mov USHORT16STR + 12, al
				invoke MessageBoxA, 0, offset USHORT16STR, ADDR TEXT_MESSAGE, OK
 00000081  6A FF		push - 1
 00000083  E8 00000000 E	call ExitProcess
 00000088			main ENDP
				end main
Microsoft (R) Macro Assembler Version 14.37.32822.0	    12/10/24 16:32:27
lab4.asm						     Symbols 2 - 1




Segments and Groups:

                N a m e                 Size     Length   Align   Combine Class

CONST  . . . . . . . . . . . . .	32 Bit	 00000000 Para	  Public  'CONST'	 ReadOnly
FLAT . . . . . . . . . . . . . .	GROUP
STACK  . . . . . . . . . . . . .	32 Bit	 00001000 Para	  Stack	  'STACK'	 
_DATA  . . . . . . . . . . . . .	32 Bit	 00000043 Para	  Public  'DATA'	
_TEXT  . . . . . . . . . . . . .	32 Bit	 00000088 Para	  Public  'CODE'	


Procedures, parameters, and locals:

                N a m e                 Type     Value    Attr

ExitProcess  . . . . . . . . . .	P Near	 00000000 FLAT	Length= 00000000 External STDCALL
MessageBoxA  . . . . . . . . . .	P Near	 00000000 FLAT	Length= 00000000 External STDCALL
main . . . . . . . . . . . . . .	P Near	 00000000 _TEXT	Length= 00000088 Public STDCALL


Symbols:

                N a m e                 Type     Value    Attr

@CodeSize  . . . . . . . . . . .	Number	 00000000h   
@DataSize  . . . . . . . . . . .	Number	 00000000h   
@Interface . . . . . . . . . . .	Number	 00000003h   
@Model . . . . . . . . . . . . .	Number	 00000007h   
@code  . . . . . . . . . . . . .	Text   	 _TEXT
@data  . . . . . . . . . . . . .	Text   	 FLAT
@fardata?  . . . . . . . . . . .	Text   	 FLAT
@fardata . . . . . . . . . . . .	Text   	 FLAT
@stack . . . . . . . . . . . . .	Text   	 FLAT
FILESHORT  . . . . . . . . . . .	DWord	 0000000D _DATA	
FILEUSHORT16 . . . . . . . . . .	DWord	 00000028 _DATA	
HW . . . . . . . . . . . . . . .	DWord	 00000009 _DATA	
OK . . . . . . . . . . . . . . .	Number	 00000000h   
SHORTSTR . . . . . . . . . . . .	Byte	 0000001D _DATA	
TEXT_MESSAGE . . . . . . . . . .	Byte	 00000000 _DATA	
USHORT16STR  . . . . . . . . . .	Byte	 00000034 _DATA	

	   0 Warnings
	   0 Errors
